---
source: src/tests/corpus/expressions.rs
expression: module
---
Module {
    children: [
        SimpleStatement(
            ExpressionStatement(
                ExpressionStatement {
                    children: [
                        Assignment(
                            Assignment {
                                right: Some(
                                    Expression(
                                        PrimaryExpression(
                                            Identifier(
                                                Identifier {
                                                    [RANGE]
                                                },
                                            ),
                                        ),
                                    ),
                                ),
                                Type: None,
                                left: PatternList(
                                    PatternList {
                                        children: [
                                            Identifier(
                                                Identifier {
                                                    [RANGE]
                                                },
                                            ),
                                            ListSplatPattern(
                                                ListSplatPattern {
                                                    children: Attribute(
                                                        Attribute {
                                                            attribute: Identifier {
                                                                [RANGE]
                                                            },
                                                            object: Identifier(
                                                                Identifier {
                                                                    [RANGE]
                                                                },
                                                            ),
                                                            [RANGE]
                                                        },
                                                    ),
                                                    [RANGE]
                                                },
                                            ),
                                        ],
                                        [RANGE]
                                    },
                                ),
                                [RANGE]
                            },
                        ),
                    ],
                    [RANGE]
                },
            ),
        ),
    ],
    [RANGE]
}
