---
source: examples/ast-python/src/tests/corpus/statements.rs
expression: "get_ast(& db, file)"
---
ParsedAst {
    nodes: [
        Module {
            children: [
                AstNodeId {
                    id: 1,
                    _marker: PhantomData<ast_python::generated::CompoundStatement_SimpleStatement>,
                },
                AstNodeId {
                    id: 7,
                    _marker: PhantomData<ast_python::generated::CompoundStatement_SimpleStatement>,
                },
            ],
            _range: Range {
                start_byte: 1,
                end_byte: 225,
                start_point: Point {
                    row: 1,
                    column: 0,
                },
                end_point: Point {
                    row: 10,
                    column: 0,
                },
            },
            _id: 0,
            _parent: None,
            _is_missing: false,
        },
        CompoundStatement(
            FunctionDefinition(
                FunctionDefinition {
                    body: AstNodeId {
                        id: 6,
                        _marker: PhantomData<ast_python::generated::Block>,
                    },
                    name: AstNodeId {
                        id: 2,
                        _marker: PhantomData<ast_python::generated::Identifier>,
                    },
                    parameters: AstNodeId {
                        id: 3,
                        _marker: PhantomData<ast_python::generated::Parameters>,
                    },
                    return_type: None,
                    type_parameters: None,
                    _range: Range {
                        start_byte: 182,
                        end_byte: 194,
                        start_point: Point {
                            row: 5,
                            column: 0,
                        },
                        end_point: Point {
                            row: 5,
                            column: 12,
                        },
                    },
                    _id: 1,
                    _parent: Some(
                        0,
                    ),
                    _is_missing: false,
                },
            ),
        ),
        Identifier {
            _range: Range {
                start_byte: 186,
                end_byte: 187,
                start_point: Point {
                    row: 5,
                    column: 4,
                },
                end_point: Point {
                    row: 5,
                    column: 5,
                },
            },
            _id: 2,
            _parent: Some(
                1,
            ),
            _is_missing: false,
        },
        Parameters {
            children: [
                AstNodeId {
                    id: 4,
                    _marker: PhantomData<ast_python::generated::Parameter>,
                },
                AstNodeId {
                    id: 5,
                    _marker: PhantomData<ast_python::generated::Parameter>,
                },
            ],
            _range: Range {
                start_byte: 187,
                end_byte: 193,
                start_point: Point {
                    row: 5,
                    column: 5,
                },
                end_point: Point {
                    row: 5,
                    column: 11,
                },
            },
            _id: 3,
            _parent: Some(
                1,
            ),
            _is_missing: false,
        },
        Identifier(
            Identifier {
                _range: Range {
                    start_byte: 188,
                    end_byte: 189,
                    start_point: Point {
                        row: 5,
                        column: 6,
                    },
                    end_point: Point {
                        row: 5,
                        column: 7,
                    },
                },
                _id: 4,
                _parent: Some(
                    3,
                ),
                _is_missing: false,
            },
        ),
        Identifier(
            Identifier {
                _range: Range {
                    start_byte: 191,
                    end_byte: 192,
                    start_point: Point {
                        row: 5,
                        column: 9,
                    },
                    end_point: Point {
                        row: 5,
                        column: 10,
                    },
                },
                _id: 5,
                _parent: Some(
                    3,
                ),
                _is_missing: false,
            },
        ),
        Block {
            alternative: [],
            children: [],
            _range: Range {
                start_byte: 194,
                end_byte: 194,
                start_point: Point {
                    row: 5,
                    column: 12,
                },
                end_point: Point {
                    row: 5,
                    column: 12,
                },
            },
            _id: 6,
            _parent: Some(
                1,
            ),
            _is_missing: false,
        },
        CompoundStatement(
            IfStatement(
                IfStatement {
                    alternative: [],
                    condition: AstNodeId {
                        id: 8,
                        _marker: PhantomData<ast_python::generated::Expression>,
                    },
                    consequence: AstNodeId {
                        id: 9,
                        _marker: PhantomData<ast_python::generated::Block>,
                    },
                    _range: Range {
                        start_byte: 196,
                        end_byte: 224,
                        start_point: Point {
                            row: 7,
                            column: 0,
                        },
                        end_point: Point {
                            row: 9,
                            column: 12,
                        },
                    },
                    _id: 7,
                    _parent: Some(
                        0,
                    ),
                    _is_missing: false,
                },
            ),
        ),
        PrimaryExpression(
            Identifier(
                Identifier {
                    _range: Range {
                        start_byte: 199,
                        end_byte: 200,
                        start_point: Point {
                            row: 7,
                            column: 3,
                        },
                        end_point: Point {
                            row: 7,
                            column: 4,
                        },
                    },
                    _id: 8,
                    _parent: Some(
                        7,
                    ),
                    _is_missing: false,
                },
            ),
        ),
        Block {
            alternative: [],
            children: [
                AstNodeId {
                    id: 10,
                    _marker: PhantomData<ast_python::generated::CompoundStatement_SimpleStatement>,
                },
                AstNodeId {
                    id: 12,
                    _marker: PhantomData<ast_python::generated::CompoundStatement_SimpleStatement>,
                },
            ],
            _range: Range {
                start_byte: 204,
                end_byte: 224,
                start_point: Point {
                    row: 8,
                    column: 2,
                },
                end_point: Point {
                    row: 9,
                    column: 12,
                },
            },
            _id: 9,
            _parent: Some(
                7,
            ),
            _is_missing: false,
        },
        SimpleStatement(
            PrintStatement(
                PrintStatement {
                    argument: [
                        AstNodeId {
                            id: 11,
                            _marker: PhantomData<ast_python::generated::Expression>,
                        },
                    ],
                    children: None,
                    _range: Range {
                        start_byte: 204,
                        end_byte: 211,
                        start_point: Point {
                            row: 8,
                            column: 2,
                        },
                        end_point: Point {
                            row: 8,
                            column: 9,
                        },
                    },
                    _id: 10,
                    _parent: Some(
                        9,
                    ),
                    _is_missing: false,
                },
            ),
        ),
        PrimaryExpression(
            Identifier(
                Identifier {
                    _range: Range {
                        start_byte: 210,
                        end_byte: 211,
                        start_point: Point {
                            row: 8,
                            column: 8,
                        },
                        end_point: Point {
                            row: 8,
                            column: 9,
                        },
                    },
                    _id: 11,
                    _parent: Some(
                        10,
                    ),
                    _is_missing: false,
                },
            ),
        ),
        CompoundStatement(
            WhileStatement(
                WhileStatement {
                    alternative: None,
                    body: AstNodeId {
                        id: 16,
                        _marker: PhantomData<ast_python::generated::Block>,
                    },
                    condition: AstNodeId {
                        id: 13,
                        _marker: PhantomData<ast_python::generated::Expression>,
                    },
                    _range: Range {
                        start_byte: 214,
                        end_byte: 224,
                        start_point: Point {
                            row: 9,
                            column: 2,
                        },
                        end_point: Point {
                            row: 9,
                            column: 12,
                        },
                    },
                    _id: 12,
                    _parent: Some(
                        9,
                    ),
                    _is_missing: false,
                },
            ),
        ),
        PrimaryExpression(
            Call(
                Call {
                    arguments: AstNodeId {
                        id: 15,
                        _marker: PhantomData<ast_python::generated::ArgumentList_GeneratorExpression>,
                    },
                    function: AstNodeId {
                        id: 14,
                        _marker: PhantomData<ast_python::generated::PrimaryExpression>,
                    },
                    _range: Range {
                        start_byte: 220,
                        end_byte: 223,
                        start_point: Point {
                            row: 9,
                            column: 8,
                        },
                        end_point: Point {
                            row: 9,
                            column: 11,
                        },
                    },
                    _id: 13,
                    _parent: Some(
                        12,
                    ),
                    _is_missing: false,
                },
            ),
        ),
        Identifier(
            Identifier {
                _range: Range {
                    start_byte: 220,
                    end_byte: 221,
                    start_point: Point {
                        row: 9,
                        column: 8,
                    },
                    end_point: Point {
                        row: 9,
                        column: 9,
                    },
                },
                _id: 14,
                _parent: Some(
                    13,
                ),
                _is_missing: false,
            },
        ),
        ArgumentList(
            ArgumentList {
                children: [],
                _range: Range {
                    start_byte: 221,
                    end_byte: 223,
                    start_point: Point {
                        row: 9,
                        column: 9,
                    },
                    end_point: Point {
                        row: 9,
                        column: 11,
                    },
                },
                _id: 15,
                _parent: Some(
                    13,
                ),
                _is_missing: false,
            },
        ),
        Block {
            alternative: [],
            children: [],
            _range: Range {
                start_byte: 224,
                end_byte: 224,
                start_point: Point {
                    row: 9,
                    column: 12,
                },
                end_point: Point {
                    row: 9,
                    column: 12,
                },
            },
            _id: 16,
            _parent: Some(
                12,
            ),
            _is_missing: false,
        },
    ],
}
