---
source: src/tests/corpus/literals.rs
expression: "get_ast(& db, file)"
---
ParsedAst {
    nodes: [
        Module {
            children: [
                AstNodeId {
                    id: 1,
                    _marker: PhantomData<ast_python::generated::CompoundStatement_SimpleStatement>,
                },
                AstNodeId {
                    id: 11,
                    _marker: PhantomData<ast_python::generated::CompoundStatement_SimpleStatement>,
                },
            ],
            _range: Range {
                start_byte: 1,
                end_byte: 59,
                start_point: Point {
                    row: 1,
                    column: 0,
                },
                end_point: Point {
                    row: 3,
                    column: 0,
                },
            },
            _id: 0,
            _parent: None,
        },
        SimpleStatement(
            ExpressionStatement(
                ExpressionStatement {
                    children: [
                        AstNodeId {
                            id: 2,
                            _marker: PhantomData<ast_python::generated::Assignment_AugmentedAssignment_Expression_Yield>,
                        },
                    ],
                    _range: Range {
                        start_byte: 1,
                        end_byte: 25,
                        start_point: Point {
                            row: 1,
                            column: 0,
                        },
                        end_point: Point {
                            row: 1,
                            column: 24,
                        },
                    },
                    _id: 1,
                    _parent: Some(
                        0,
                    ),
                },
            ),
        ),
        Expression(
            PrimaryExpression(
                DictionaryComprehension(
                    DictionaryComprehension {
                        body: AstNodeId {
                            id: 3,
                            _marker: PhantomData<ast_python::generated::Pair>,
                        },
                        children: [
                            AstNodeId {
                                id: 6,
                                _marker: PhantomData<ast_python::generated::ForInClause_IfClause>,
                            },
                        ],
                        _range: Range {
                            start_byte: 1,
                            end_byte: 25,
                            start_point: Point {
                                row: 1,
                                column: 0,
                            },
                            end_point: Point {
                                row: 1,
                                column: 24,
                            },
                        },
                        _id: 2,
                        _parent: Some(
                            1,
                        ),
                    },
                ),
            ),
        ),
        Pair {
            value: AstNodeId {
                id: 5,
                _marker: PhantomData<ast_python::generated::Expression>,
            },
            key: AstNodeId {
                id: 4,
                _marker: PhantomData<ast_python::generated::Expression>,
            },
            _range: Range {
                start_byte: 2,
                end_byte: 6,
                start_point: Point {
                    row: 1,
                    column: 1,
                },
                end_point: Point {
                    row: 1,
                    column: 5,
                },
            },
            _id: 3,
            _parent: Some(
                2,
            ),
        },
        PrimaryExpression(
            Identifier(
                Identifier {
                    _range: Range {
                        start_byte: 2,
                        end_byte: 3,
                        start_point: Point {
                            row: 1,
                            column: 1,
                        },
                        end_point: Point {
                            row: 1,
                            column: 2,
                        },
                    },
                    _id: 4,
                    _parent: Some(
                        3,
                    ),
                },
            ),
        ),
        PrimaryExpression(
            Identifier(
                Identifier {
                    _range: Range {
                        start_byte: 5,
                        end_byte: 6,
                        start_point: Point {
                            row: 1,
                            column: 4,
                        },
                        end_point: Point {
                            row: 1,
                            column: 5,
                        },
                    },
                    _id: 5,
                    _parent: Some(
                        3,
                    ),
                },
            ),
        ),
        ForInClause(
            ForInClause {
                left: AstNodeId {
                    id: 7,
                    _marker: PhantomData<ast_python::generated::Pattern_PatternList>,
                },
                right: [
                    AstNodeId {
                        id: 10,
                        _marker: PhantomData<ast_python::generated::Comma_Expression>,
                    },
                ],
                _range: Range {
                    start_byte: 7,
                    end_byte: 24,
                    start_point: Point {
                        row: 1,
                        column: 6,
                    },
                    end_point: Point {
                        row: 1,
                        column: 23,
                    },
                },
                _id: 6,
                _parent: Some(
                    2,
                ),
            },
        ),
        PatternList(
            PatternList {
                children: [
                    AstNodeId {
                        id: 8,
                        _marker: PhantomData<ast_python::generated::Pattern>,
                    },
                    AstNodeId {
                        id: 9,
                        _marker: PhantomData<ast_python::generated::Pattern>,
                    },
                ],
                _range: Range {
                    start_byte: 11,
                    end_byte: 15,
                    start_point: Point {
                        row: 1,
                        column: 10,
                    },
                    end_point: Point {
                        row: 1,
                        column: 14,
                    },
                },
                _id: 7,
                _parent: Some(
                    6,
                ),
            },
        ),
        Identifier(
            Identifier {
                _range: Range {
                    start_byte: 11,
                    end_byte: 12,
                    start_point: Point {
                        row: 1,
                        column: 10,
                    },
                    end_point: Point {
                        row: 1,
                        column: 11,
                    },
                },
                _id: 8,
                _parent: Some(
                    7,
                ),
            },
        ),
        Identifier(
            Identifier {
                _range: Range {
                    start_byte: 14,
                    end_byte: 15,
                    start_point: Point {
                        row: 1,
                        column: 13,
                    },
                    end_point: Point {
                        row: 1,
                        column: 14,
                    },
                },
                _id: 9,
                _parent: Some(
                    7,
                ),
            },
        ),
        Expression(
            PrimaryExpression(
                Identifier(
                    Identifier {
                        _range: Range {
                            start_byte: 19,
                            end_byte: 24,
                            start_point: Point {
                                row: 1,
                                column: 18,
                            },
                            end_point: Point {
                                row: 1,
                                column: 23,
                            },
                        },
                        _id: 10,
                        _parent: Some(
                            6,
                        ),
                    },
                ),
            ),
        ),
        SimpleStatement(
            ExpressionStatement(
                ExpressionStatement {
                    children: [
                        AstNodeId {
                            id: 12,
                            _marker: PhantomData<ast_python::generated::Assignment_AugmentedAssignment_Expression_Yield>,
                        },
                    ],
                    _range: Range {
                        start_byte: 26,
                        end_byte: 58,
                        start_point: Point {
                            row: 2,
                            column: 0,
                        },
                        end_point: Point {
                            row: 2,
                            column: 32,
                        },
                    },
                    _id: 11,
                    _parent: Some(
                        0,
                    ),
                },
            ),
        ),
        Expression(
            PrimaryExpression(
                DictionaryComprehension(
                    DictionaryComprehension {
                        body: AstNodeId {
                            id: 13,
                            _marker: PhantomData<ast_python::generated::Pair>,
                        },
                        children: [
                            AstNodeId {
                                id: 16,
                                _marker: PhantomData<ast_python::generated::ForInClause_IfClause>,
                            },
                            AstNodeId {
                                id: 19,
                                _marker: PhantomData<ast_python::generated::ForInClause_IfClause>,
                            },
                        ],
                        _range: Range {
                            start_byte: 26,
                            end_byte: 58,
                            start_point: Point {
                                row: 2,
                                column: 0,
                            },
                            end_point: Point {
                                row: 2,
                                column: 32,
                            },
                        },
                        _id: 12,
                        _parent: Some(
                            11,
                        ),
                    },
                ),
            ),
        ),
        Pair {
            value: AstNodeId {
                id: 15,
                _marker: PhantomData<ast_python::generated::Expression>,
            },
            key: AstNodeId {
                id: 14,
                _marker: PhantomData<ast_python::generated::Expression>,
            },
            _range: Range {
                start_byte: 27,
                end_byte: 31,
                start_point: Point {
                    row: 2,
                    column: 1,
                },
                end_point: Point {
                    row: 2,
                    column: 5,
                },
            },
            _id: 13,
            _parent: Some(
                12,
            ),
        },
        PrimaryExpression(
            Identifier(
                Identifier {
                    _range: Range {
                        start_byte: 27,
                        end_byte: 28,
                        start_point: Point {
                            row: 2,
                            column: 1,
                        },
                        end_point: Point {
                            row: 2,
                            column: 2,
                        },
                    },
                    _id: 14,
                    _parent: Some(
                        13,
                    ),
                },
            ),
        ),
        PrimaryExpression(
            Identifier(
                Identifier {
                    _range: Range {
                        start_byte: 30,
                        end_byte: 31,
                        start_point: Point {
                            row: 2,
                            column: 4,
                        },
                        end_point: Point {
                            row: 2,
                            column: 5,
                        },
                    },
                    _id: 15,
                    _parent: Some(
                        13,
                    ),
                },
            ),
        ),
        ForInClause(
            ForInClause {
                left: AstNodeId {
                    id: 17,
                    _marker: PhantomData<ast_python::generated::Pattern_PatternList>,
                },
                right: [
                    AstNodeId {
                        id: 18,
                        _marker: PhantomData<ast_python::generated::Comma_Expression>,
                    },
                ],
                _range: Range {
                    start_byte: 32,
                    end_byte: 42,
                    start_point: Point {
                        row: 2,
                        column: 6,
                    },
                    end_point: Point {
                        row: 2,
                        column: 16,
                    },
                },
                _id: 16,
                _parent: Some(
                    12,
                ),
            },
        ),
        Pattern(
            Identifier(
                Identifier {
                    _range: Range {
                        start_byte: 36,
                        end_byte: 37,
                        start_point: Point {
                            row: 2,
                            column: 10,
                        },
                        end_point: Point {
                            row: 2,
                            column: 11,
                        },
                    },
                    _id: 17,
                    _parent: Some(
                        16,
                    ),
                },
            ),
        ),
        Expression(
            PrimaryExpression(
                Identifier(
                    Identifier {
                        _range: Range {
                            start_byte: 41,
                            end_byte: 42,
                            start_point: Point {
                                row: 2,
                                column: 15,
                            },
                            end_point: Point {
                                row: 2,
                                column: 16,
                            },
                        },
                        _id: 18,
                        _parent: Some(
                            16,
                        ),
                    },
                ),
            ),
        ),
        ForInClause(
            ForInClause {
                left: AstNodeId {
                    id: 20,
                    _marker: PhantomData<ast_python::generated::Pattern_PatternList>,
                },
                right: [
                    AstNodeId {
                        id: 21,
                        _marker: PhantomData<ast_python::generated::Comma_Expression>,
                    },
                ],
                _range: Range {
                    start_byte: 43,
                    end_byte: 57,
                    start_point: Point {
                        row: 2,
                        column: 17,
                    },
                    end_point: Point {
                        row: 2,
                        column: 31,
                    },
                },
                _id: 19,
                _parent: Some(
                    12,
                ),
            },
        ),
        Pattern(
            Identifier(
                Identifier {
                    _range: Range {
                        start_byte: 47,
                        end_byte: 48,
                        start_point: Point {
                            row: 2,
                            column: 21,
                        },
                        end_point: Point {
                            row: 2,
                            column: 22,
                        },
                    },
                    _id: 20,
                    _parent: Some(
                        19,
                    ),
                },
            ),
        ),
        Expression(
            PrimaryExpression(
                Identifier(
                    Identifier {
                        _range: Range {
                            start_byte: 52,
                            end_byte: 57,
                            start_point: Point {
                                row: 2,
                                column: 26,
                            },
                            end_point: Point {
                                row: 2,
                                column: 31,
                            },
                        },
                        _id: 21,
                        _parent: Some(
                            19,
                        ),
                    },
                ),
            ),
        ),
    ],
}
