---
source: src/tests/corpus/statements.rs
expression: module
---
Module {
    children: [
        SimpleStatement(
            RaiseStatement(
                RaiseStatement {
                    cause: None,
                    children: Some(
                        Expression(
                            PrimaryExpression(
                                Call(
                                    Call {
                                        function: Identifier(
                                            Identifier {
                                                [RANGE]
                                            },
                                        ),
                                        arguments: ArgumentList(
                                            ArgumentList {
                                                children: [
                                                    Expression(
                                                        PrimaryExpression(
                                                            String(
                                                                String {
                                                                    children: [
                                                                        StringStart(
                                                                            StringStart {
                                                                                [RANGE]
                                                                            },
                                                                        ),
                                                                        StringContent(
                                                                            StringContent {
                                                                                children: [],
                                                                                [RANGE]
                                                                            },
                                                                        ),
                                                                        StringEnd(
                                                                            StringEnd {
                                                                                [RANGE]
                                                                            },
                                                                        ),
                                                                    ],
                                                                    [RANGE]
                                                                },
                                                            ),
                                                        ),
                                                    ),
                                                ],
                                                [RANGE]
                                            },
                                        ),
                                        [RANGE]
                                    },
                                ),
                            ),
                        ),
                    ),
                    [RANGE]
                },
            ),
        ),
    ],
    [RANGE]
}
