---
source: src/tests/corpus/literals.rs
expression: module
---
Module {
    children: [
        SimpleStatement(
            ExpressionStatement(
                ExpressionStatement {
                    children: [
                        Expression(
                            PrimaryExpression(
                                String(
                                    String {
                                        children: [
                                            StringStart(
                                                StringStart {
                                                    [RANGE]
                                                },
                                            ),
                                            StringContent(
                                                StringContent {
                                                    children: [],
                                                    [RANGE]
                                                },
                                            ),
                                            Interpolation(
                                                Interpolation {
                                                    type_conversion: None,
                                                    expression: Expression(
                                                        PrimaryExpression(
                                                            Identifier(
                                                                Identifier {
                                                                    [RANGE]
                                                                },
                                                            ),
                                                        ),
                                                    ),
                                                    format_specifier: None,
                                                    [RANGE]
                                                },
                                            ),
                                            StringContent(
                                                StringContent {
                                                    children: [
                                                        EscapeInterpolation(
                                                            EscapeInterpolation {
                                                                [RANGE]
                                                            },
                                                        ),
                                                    ],
                                                    [RANGE]
                                                },
                                            ),
                                            StringEnd(
                                                StringEnd {
                                                    [RANGE]
                                                },
                                            ),
                                        ],
                                        [RANGE]
                                    },
                                ),
                            ),
                        ),
                    ],
                    [RANGE]
                },
            ),
        ),
    ],
    [RANGE]
}
