---
source: src/tests/corpus/expressions.rs
expression: module
---
Module {
    children: [
        CompoundStatement(
            WithStatement(
                WithStatement {
                    body: Block {
                        alternative: [],
                        children: [
                            CompoundStatement(
                                ForStatement(
                                    ForStatement {
                                        alternative: None,
                                        right: Expression(
                                            PrimaryExpression(
                                                Identifier(
                                                    Identifier {
                                                        [RANGE]
                                                    },
                                                ),
                                            ),
                                        ),
                                        left: Pattern(
                                            Identifier(
                                                Identifier {
                                                    [RANGE]
                                                },
                                            ),
                                        ),
                                        body: Block {
                                            alternative: [],
                                            children: [
                                                SimpleStatement(
                                                    ExpressionStatement(
                                                        ExpressionStatement {
                                                            children: [
                                                                Expression(
                                                                    PrimaryExpression(
                                                                        ListComprehension(
                                                                            ListComprehension {
                                                                                body: PrimaryExpression(
                                                                                    Identifier(
                                                                                        Identifier {
                                                                                            [RANGE]
                                                                                        },
                                                                                    ),
                                                                                ),
                                                                                children: [
                                                                                    ForInClause(
                                                                                        ForInClause {
                                                                                            left: Pattern(
                                                                                                Identifier(
                                                                                                    Identifier {
                                                                                                        [RANGE]
                                                                                                    },
                                                                                                ),
                                                                                            ),
                                                                                            right: [
                                                                                                Expression(
                                                                                                    PrimaryExpression(
                                                                                                        Identifier(
                                                                                                            Identifier {
                                                                                                                [RANGE]
                                                                                                            },
                                                                                                        ),
                                                                                                    ),
                                                                                                ),
                                                                                            ],
                                                                                            [RANGE]
                                                                                        },
                                                                                    ),
                                                                                ],
                                                                                [RANGE]
                                                                            },
                                                                        ),
                                                                    ),
                                                                ),
                                                            ],
                                                            [RANGE]
                                                        },
                                                    ),
                                                ),
                                            ],
                                            [RANGE]
                                        },
                                        [RANGE]
                                    },
                                ),
                            ),
                        ],
                        [RANGE]
                    },
                    children: WithClause {
                        children: [
                            WithItem {
                                value: AsPattern(
                                    AsPattern {
                                        alias: Some(
                                            AsPatternTarget {
                                                [RANGE]
                                            },
                                        ),
                                        children: [
                                            Identifier(
                                                Identifier {
                                                    [RANGE]
                                                },
                                            ),
                                        ],
                                        [RANGE]
                                    },
                                ),
                                [RANGE]
                            },
                        ],
                        [RANGE]
                    },
                    [RANGE]
                },
            ),
        ),
    ],
    [RANGE]
}
