---
source: src/tests/corpus/expressions.rs
expression: module
---
Module {
    children: [
        SimpleStatement(
            ExpressionStatement(
                ExpressionStatement {
                    children: [
                        Assignment(
                            Assignment {
                                right: Some(
                                    Expression(
                                        PrimaryExpression(
                                            Integer(
                                                Integer {
                                                    [RANGE]
                                                },
                                            ),
                                        ),
                                    ),
                                ),
                                left: Pattern(
                                    Identifier(
                                        Identifier {
                                            [RANGE]
                                        },
                                    ),
                                ),
                                Type: None,
                                [RANGE]
                            },
                        ),
                    ],
                    [RANGE]
                },
            ),
        ),
        SimpleStatement(
            ExpressionStatement(
                ExpressionStatement {
                    children: [
                        Assignment(
                            Assignment {
                                right: Some(
                                    Expression(
                                        PrimaryExpression(
                                            Integer(
                                                Integer {
                                                    [RANGE]
                                                },
                                            ),
                                        ),
                                    ),
                                ),
                                left: Pattern(
                                    Identifier(
                                        Identifier {
                                            [RANGE]
                                        },
                                    ),
                                ),
                                Type: None,
                                [RANGE]
                            },
                        ),
                    ],
                    [RANGE]
                },
            ),
        ),
        SimpleStatement(
            PrintStatement(
                PrintStatement {
                    argument: [
                        PrimaryExpression(
                            Identifier(
                                Identifier {
                                    [RANGE]
                                },
                            ),
                        ),
                        PrimaryExpression(
                            Identifier(
                                Identifier {
                                    [RANGE]
                                },
                            ),
                        ),
                    ],
                    children: None,
                    [RANGE]
                },
            ),
        ),
    ],
    [RANGE]
}
