---
source: src/tests/corpus/literals.rs
expression: "get_ast(& db, file)"
---
ParsedAst {
    nodes: [
        Module {
            children: [
                AstNodeId {
                    id: 1,
                    _marker: PhantomData<ast_python::generated::CompoundStatement_SimpleStatement>,
                },
                AstNodeId {
                    id: 5,
                    _marker: PhantomData<ast_python::generated::CompoundStatement_SimpleStatement>,
                },
                AstNodeId {
                    id: 7,
                    _marker: PhantomData<ast_python::generated::CompoundStatement_SimpleStatement>,
                },
                AstNodeId {
                    id: 9,
                    _marker: PhantomData<ast_python::generated::CompoundStatement_SimpleStatement>,
                },
                AstNodeId {
                    id: 11,
                    _marker: PhantomData<ast_python::generated::CompoundStatement_SimpleStatement>,
                },
                AstNodeId {
                    id: 15,
                    _marker: PhantomData<ast_python::generated::CompoundStatement_SimpleStatement>,
                },
                AstNodeId {
                    id: 17,
                    _marker: PhantomData<ast_python::generated::CompoundStatement_SimpleStatement>,
                },
                AstNodeId {
                    id: 19,
                    _marker: PhantomData<ast_python::generated::CompoundStatement_SimpleStatement>,
                },
                AstNodeId {
                    id: 21,
                    _marker: PhantomData<ast_python::generated::CompoundStatement_SimpleStatement>,
                },
                AstNodeId {
                    id: 23,
                    _marker: PhantomData<ast_python::generated::CompoundStatement_SimpleStatement>,
                },
                AstNodeId {
                    id: 25,
                    _marker: PhantomData<ast_python::generated::CompoundStatement_SimpleStatement>,
                },
                AstNodeId {
                    id: 27,
                    _marker: PhantomData<ast_python::generated::CompoundStatement_SimpleStatement>,
                },
                AstNodeId {
                    id: 29,
                    _marker: PhantomData<ast_python::generated::CompoundStatement_SimpleStatement>,
                },
            ],
            _range: Range {
                start_byte: 1,
                end_byte: 68,
                start_point: Point {
                    row: 1,
                    column: 0,
                },
                end_point: Point {
                    row: 14,
                    column: 0,
                },
            },
            _id: 0,
            _parent: None,
        },
        SimpleStatement(
            ExpressionStatement(
                ExpressionStatement {
                    children: [
                        AstNodeId {
                            id: 2,
                            _marker: PhantomData<ast_python::generated::Assignment_AugmentedAssignment_Expression_Yield>,
                        },
                    ],
                    _range: Range {
                        start_byte: 1,
                        end_byte: 3,
                        start_point: Point {
                            row: 1,
                            column: 0,
                        },
                        end_point: Point {
                            row: 1,
                            column: 2,
                        },
                    },
                    _id: 1,
                    _parent: Some(
                        0,
                    ),
                },
            ),
        ),
        Expression(
            PrimaryExpression(
                UnaryOperator(
                    UnaryOperator {
                        operator: AstNodeId {
                            id: 3,
                            _marker: PhantomData<ast_python::generated::Operators_4>,
                        },
                        argument: AstNodeId {
                            id: 4,
                            _marker: PhantomData<ast_python::generated::PrimaryExpression>,
                        },
                        _range: Range {
                            start_byte: 1,
                            end_byte: 3,
                            start_point: Point {
                                row: 1,
                                column: 0,
                            },
                            end_point: Point {
                                row: 1,
                                column: 2,
                            },
                        },
                        _id: 2,
                        _parent: Some(
                            1,
                        ),
                    },
                ),
            ),
        ),
        Token_Minus(
            Token_Minus {
                _range: Range {
                    start_byte: 1,
                    end_byte: 2,
                    start_point: Point {
                        row: 1,
                        column: 0,
                    },
                    end_point: Point {
                        row: 1,
                        column: 1,
                    },
                },
                _id: 3,
                _parent: Some(
                    2,
                ),
            },
        ),
        Integer(
            Integer {
                _range: Range {
                    start_byte: 2,
                    end_byte: 3,
                    start_point: Point {
                        row: 1,
                        column: 1,
                    },
                    end_point: Point {
                        row: 1,
                        column: 2,
                    },
                },
                _id: 4,
                _parent: Some(
                    2,
                ),
            },
        ),
        SimpleStatement(
            ExpressionStatement(
                ExpressionStatement {
                    children: [
                        AstNodeId {
                            id: 6,
                            _marker: PhantomData<ast_python::generated::Assignment_AugmentedAssignment_Expression_Yield>,
                        },
                    ],
                    _range: Range {
                        start_byte: 4,
                        end_byte: 10,
                        start_point: Point {
                            row: 2,
                            column: 0,
                        },
                        end_point: Point {
                            row: 2,
                            column: 6,
                        },
                    },
                    _id: 5,
                    _parent: Some(
                        0,
                    ),
                },
            ),
        ),
        Expression(
            PrimaryExpression(
                Integer(
                    Integer {
                        _range: Range {
                            start_byte: 4,
                            end_byte: 10,
                            start_point: Point {
                                row: 2,
                                column: 0,
                            },
                            end_point: Point {
                                row: 2,
                                column: 6,
                            },
                        },
                        _id: 6,
                        _parent: Some(
                            5,
                        ),
                    },
                ),
            ),
        ),
        SimpleStatement(
            ExpressionStatement(
                ExpressionStatement {
                    children: [
                        AstNodeId {
                            id: 8,
                            _marker: PhantomData<ast_python::generated::Assignment_AugmentedAssignment_Expression_Yield>,
                        },
                    ],
                    _range: Range {
                        start_byte: 11,
                        end_byte: 17,
                        start_point: Point {
                            row: 3,
                            column: 0,
                        },
                        end_point: Point {
                            row: 3,
                            column: 6,
                        },
                    },
                    _id: 7,
                    _parent: Some(
                        0,
                    ),
                },
            ),
        ),
        Expression(
            PrimaryExpression(
                Integer(
                    Integer {
                        _range: Range {
                            start_byte: 11,
                            end_byte: 17,
                            start_point: Point {
                                row: 3,
                                column: 0,
                            },
                            end_point: Point {
                                row: 3,
                                column: 6,
                            },
                        },
                        _id: 8,
                        _parent: Some(
                            7,
                        ),
                    },
                ),
            ),
        ),
        SimpleStatement(
            ExpressionStatement(
                ExpressionStatement {
                    children: [
                        AstNodeId {
                            id: 10,
                            _marker: PhantomData<ast_python::generated::Assignment_AugmentedAssignment_Expression_Yield>,
                        },
                    ],
                    _range: Range {
                        start_byte: 18,
                        end_byte: 20,
                        start_point: Point {
                            row: 4,
                            column: 0,
                        },
                        end_point: Point {
                            row: 4,
                            column: 2,
                        },
                    },
                    _id: 9,
                    _parent: Some(
                        0,
                    ),
                },
            ),
        ),
        Expression(
            PrimaryExpression(
                Integer(
                    Integer {
                        _range: Range {
                            start_byte: 18,
                            end_byte: 20,
                            start_point: Point {
                                row: 4,
                                column: 0,
                            },
                            end_point: Point {
                                row: 4,
                                column: 2,
                            },
                        },
                        _id: 10,
                        _parent: Some(
                            9,
                        ),
                    },
                ),
            ),
        ),
        SimpleStatement(
            ExpressionStatement(
                ExpressionStatement {
                    children: [
                        AstNodeId {
                            id: 12,
                            _marker: PhantomData<ast_python::generated::Assignment_AugmentedAssignment_Expression_Yield>,
                        },
                    ],
                    _range: Range {
                        start_byte: 21,
                        end_byte: 24,
                        start_point: Point {
                            row: 5,
                            column: 0,
                        },
                        end_point: Point {
                            row: 5,
                            column: 3,
                        },
                    },
                    _id: 11,
                    _parent: Some(
                        0,
                    ),
                },
            ),
        ),
        Expression(
            PrimaryExpression(
                UnaryOperator(
                    UnaryOperator {
                        operator: AstNodeId {
                            id: 13,
                            _marker: PhantomData<ast_python::generated::Operators_4>,
                        },
                        argument: AstNodeId {
                            id: 14,
                            _marker: PhantomData<ast_python::generated::PrimaryExpression>,
                        },
                        _range: Range {
                            start_byte: 21,
                            end_byte: 24,
                            start_point: Point {
                                row: 5,
                                column: 0,
                            },
                            end_point: Point {
                                row: 5,
                                column: 3,
                            },
                        },
                        _id: 12,
                        _parent: Some(
                            11,
                        ),
                    },
                ),
            ),
        ),
        Token_Minus(
            Token_Minus {
                _range: Range {
                    start_byte: 21,
                    end_byte: 22,
                    start_point: Point {
                        row: 5,
                        column: 0,
                    },
                    end_point: Point {
                        row: 5,
                        column: 1,
                    },
                },
                _id: 13,
                _parent: Some(
                    12,
                ),
            },
        ),
        Integer(
            Integer {
                _range: Range {
                    start_byte: 22,
                    end_byte: 24,
                    start_point: Point {
                        row: 5,
                        column: 1,
                    },
                    end_point: Point {
                        row: 5,
                        column: 3,
                    },
                },
                _id: 14,
                _parent: Some(
                    12,
                ),
            },
        ),
        SimpleStatement(
            ExpressionStatement(
                ExpressionStatement {
                    children: [
                        AstNodeId {
                            id: 16,
                            _marker: PhantomData<ast_python::generated::Assignment_AugmentedAssignment_Expression_Yield>,
                        },
                    ],
                    _range: Range {
                        start_byte: 25,
                        end_byte: 30,
                        start_point: Point {
                            row: 6,
                            column: 0,
                        },
                        end_point: Point {
                            row: 6,
                            column: 5,
                        },
                    },
                    _id: 15,
                    _parent: Some(
                        0,
                    ),
                },
            ),
        ),
        Expression(
            PrimaryExpression(
                Integer(
                    Integer {
                        _range: Range {
                            start_byte: 25,
                            end_byte: 30,
                            start_point: Point {
                                row: 6,
                                column: 0,
                            },
                            end_point: Point {
                                row: 6,
                                column: 5,
                            },
                        },
                        _id: 16,
                        _parent: Some(
                            15,
                        ),
                    },
                ),
            ),
        ),
        SimpleStatement(
            ExpressionStatement(
                ExpressionStatement {
                    children: [
                        AstNodeId {
                            id: 18,
                            _marker: PhantomData<ast_python::generated::Assignment_AugmentedAssignment_Expression_Yield>,
                        },
                    ],
                    _range: Range {
                        start_byte: 31,
                        end_byte: 36,
                        start_point: Point {
                            row: 7,
                            column: 0,
                        },
                        end_point: Point {
                            row: 7,
                            column: 5,
                        },
                    },
                    _id: 17,
                    _parent: Some(
                        0,
                    ),
                },
            ),
        ),
        Expression(
            PrimaryExpression(
                Integer(
                    Integer {
                        _range: Range {
                            start_byte: 31,
                            end_byte: 36,
                            start_point: Point {
                                row: 7,
                                column: 0,
                            },
                            end_point: Point {
                                row: 7,
                                column: 5,
                            },
                        },
                        _id: 18,
                        _parent: Some(
                            17,
                        ),
                    },
                ),
            ),
        ),
        SimpleStatement(
            ExpressionStatement(
                ExpressionStatement {
                    children: [
                        AstNodeId {
                            id: 20,
                            _marker: PhantomData<ast_python::generated::Assignment_AugmentedAssignment_Expression_Yield>,
                        },
                    ],
                    _range: Range {
                        start_byte: 37,
                        end_byte: 42,
                        start_point: Point {
                            row: 8,
                            column: 0,
                        },
                        end_point: Point {
                            row: 8,
                            column: 5,
                        },
                    },
                    _id: 19,
                    _parent: Some(
                        0,
                    ),
                },
            ),
        ),
        Expression(
            PrimaryExpression(
                Integer(
                    Integer {
                        _range: Range {
                            start_byte: 37,
                            end_byte: 42,
                            start_point: Point {
                                row: 8,
                                column: 0,
                            },
                            end_point: Point {
                                row: 8,
                                column: 5,
                            },
                        },
                        _id: 20,
                        _parent: Some(
                            19,
                        ),
                    },
                ),
            ),
        ),
        SimpleStatement(
            ExpressionStatement(
                ExpressionStatement {
                    children: [
                        AstNodeId {
                            id: 22,
                            _marker: PhantomData<ast_python::generated::Assignment_AugmentedAssignment_Expression_Yield>,
                        },
                    ],
                    _range: Range {
                        start_byte: 43,
                        end_byte: 48,
                        start_point: Point {
                            row: 9,
                            column: 0,
                        },
                        end_point: Point {
                            row: 9,
                            column: 5,
                        },
                    },
                    _id: 21,
                    _parent: Some(
                        0,
                    ),
                },
            ),
        ),
        Expression(
            PrimaryExpression(
                Integer(
                    Integer {
                        _range: Range {
                            start_byte: 43,
                            end_byte: 48,
                            start_point: Point {
                                row: 9,
                                column: 0,
                            },
                            end_point: Point {
                                row: 9,
                                column: 5,
                            },
                        },
                        _id: 22,
                        _parent: Some(
                            21,
                        ),
                    },
                ),
            ),
        ),
        SimpleStatement(
            ExpressionStatement(
                ExpressionStatement {
                    children: [
                        AstNodeId {
                            id: 24,
                            _marker: PhantomData<ast_python::generated::Assignment_AugmentedAssignment_Expression_Yield>,
                        },
                    ],
                    _range: Range {
                        start_byte: 49,
                        end_byte: 52,
                        start_point: Point {
                            row: 10,
                            column: 0,
                        },
                        end_point: Point {
                            row: 10,
                            column: 3,
                        },
                    },
                    _id: 23,
                    _parent: Some(
                        0,
                    ),
                },
            ),
        ),
        Expression(
            PrimaryExpression(
                Integer(
                    Integer {
                        _range: Range {
                            start_byte: 49,
                            end_byte: 52,
                            start_point: Point {
                                row: 10,
                                column: 0,
                            },
                            end_point: Point {
                                row: 10,
                                column: 3,
                            },
                        },
                        _id: 24,
                        _parent: Some(
                            23,
                        ),
                    },
                ),
            ),
        ),
        SimpleStatement(
            ExpressionStatement(
                ExpressionStatement {
                    children: [
                        AstNodeId {
                            id: 26,
                            _marker: PhantomData<ast_python::generated::Assignment_AugmentedAssignment_Expression_Yield>,
                        },
                    ],
                    _range: Range {
                        start_byte: 53,
                        end_byte: 58,
                        start_point: Point {
                            row: 11,
                            column: 0,
                        },
                        end_point: Point {
                            row: 11,
                            column: 5,
                        },
                    },
                    _id: 25,
                    _parent: Some(
                        0,
                    ),
                },
            ),
        ),
        Expression(
            PrimaryExpression(
                Integer(
                    Integer {
                        _range: Range {
                            start_byte: 53,
                            end_byte: 58,
                            start_point: Point {
                                row: 11,
                                column: 0,
                            },
                            end_point: Point {
                                row: 11,
                                column: 5,
                            },
                        },
                        _id: 26,
                        _parent: Some(
                            25,
                        ),
                    },
                ),
            ),
        ),
        SimpleStatement(
            ExpressionStatement(
                ExpressionStatement {
                    children: [
                        AstNodeId {
                            id: 28,
                            _marker: PhantomData<ast_python::generated::Assignment_AugmentedAssignment_Expression_Yield>,
                        },
                    ],
                    _range: Range {
                        start_byte: 59,
                        end_byte: 64,
                        start_point: Point {
                            row: 12,
                            column: 0,
                        },
                        end_point: Point {
                            row: 12,
                            column: 5,
                        },
                    },
                    _id: 27,
                    _parent: Some(
                        0,
                    ),
                },
            ),
        ),
        Expression(
            PrimaryExpression(
                Integer(
                    Integer {
                        _range: Range {
                            start_byte: 59,
                            end_byte: 64,
                            start_point: Point {
                                row: 12,
                                column: 0,
                            },
                            end_point: Point {
                                row: 12,
                                column: 5,
                            },
                        },
                        _id: 28,
                        _parent: Some(
                            27,
                        ),
                    },
                ),
            ),
        ),
        SimpleStatement(
            ExpressionStatement(
                ExpressionStatement {
                    children: [
                        AstNodeId {
                            id: 30,
                            _marker: PhantomData<ast_python::generated::Assignment_AugmentedAssignment_Expression_Yield>,
                        },
                    ],
                    _range: Range {
                        start_byte: 65,
                        end_byte: 67,
                        start_point: Point {
                            row: 13,
                            column: 0,
                        },
                        end_point: Point {
                            row: 13,
                            column: 2,
                        },
                    },
                    _id: 29,
                    _parent: Some(
                        0,
                    ),
                },
            ),
        ),
        Expression(
            PrimaryExpression(
                Integer(
                    Integer {
                        _range: Range {
                            start_byte: 65,
                            end_byte: 67,
                            start_point: Point {
                                row: 13,
                                column: 0,
                            },
                            end_point: Point {
                                row: 13,
                                column: 2,
                            },
                        },
                        _id: 30,
                        _parent: Some(
                            29,
                        ),
                    },
                ),
            ),
        ),
    ],
}
